ERROR - 2026-06-06 05:25:49 --> Error connecting to the database: mysqli_sql_exception: Plugin 'mysql_native_password' is not loaded in C:\wamp64\www\pbl_kel_4\system\Database\MySQLi\Connection.php:201
Stack trace:
#0 C:\wamp64\www\pbl_kel_4\system\Database\MySQLi\Connection.php(201): mysqli->real_connect('localhost', '', Object(SensitiveParameterValue), '', 3306, '', 0)
#1 C:\wamp64\www\pbl_kel_4\system\Database\BaseConnection.php(555): CodeIgniter\Database\MySQLi\Connection->connect(false)
#2 C:\wamp64\www\pbl_kel_4\system\Database\BaseConnection.php(795): CodeIgniter\Database\BaseConnection->initialize()
#3 C:\wamp64\www\pbl_kel_4\system\Database\BaseConnection.php(1706): CodeIgniter\Database\BaseConnection->query('SHOW TABLES FRO...')
#4 C:\wamp64\www\pbl_kel_4\system\Database\BaseConnection.php(1726): CodeIgniter\Database\BaseConnection->listTables()
#5 C:\wamp64\www\pbl_kel_4\system\Database\MigrationRunner.php(821): CodeIgniter\Database\BaseConnection->tableExists('migrations')
#6 C:\wamp64\www\pbl_kel_4\system\Database\MigrationRunner.php(173): CodeIgniter\Database\MigrationRunner->ensureTable()
#7 C:\wamp64\www\pbl_kel_4\system\Commands\Database\Migrate.php(89): CodeIgniter\Database\MigrationRunner->latest(NULL)
#8 C:\wamp64\www\pbl_kel_4\system\CLI\SignalTrait.php(245): CodeIgniter\Commands\Database\Migrate::{closure:CodeIgniter\Commands\Database\Migrate::run():88}()
#9 C:\wamp64\www\pbl_kel_4\system\Commands\Database\Migrate.php(88): CodeIgniter\Commands\Database\Migrate->withSignalsBlocked(Object(Closure))
#10 C:\wamp64\www\pbl_kel_4\system\CLI\Commands.php(72): CodeIgniter\Commands\Database\Migrate->run(Array)
#11 C:\wamp64\www\pbl_kel_4\system\CLI\Console.php(47): CodeIgniter\CLI\Commands->run('migrate', Array)
#12 C:\wamp64\www\pbl_kel_4\system\Boot.php(442): CodeIgniter\CLI\Console->run()
#13 C:\wamp64\www\pbl_kel_4\system\Boot.php(166): CodeIgniter\Boot::runCommand(Object(CodeIgniter\CLI\Console))
#14 C:\wamp64\www\pbl_kel_4\spark(87): CodeIgniter\Boot::bootSpark(Object(Config\Paths))
#15 {main}

Next CodeIgniter\Database\Exceptions\DatabaseException: Plugin 'mysql_native_password' is not loaded in C:\wamp64\www\pbl_kel_4\system\Database\MySQLi\Connection.php:231
Stack trace:
#0 C:\wamp64\www\pbl_kel_4\system\Database\BaseConnection.php(555): CodeIgniter\Database\MySQLi\Connection->connect(false)
#1 C:\wamp64\www\pbl_kel_4\system\Database\BaseConnection.php(795): CodeIgniter\Database\BaseConnection->initialize()
#2 C:\wamp64\www\pbl_kel_4\system\Database\BaseConnection.php(1706): CodeIgniter\Database\BaseConnection->query('SHOW TABLES FRO...')
#3 C:\wamp64\www\pbl_kel_4\system\Database\BaseConnection.php(1726): CodeIgniter\Database\BaseConnection->listTables()
#4 C:\wamp64\www\pbl_kel_4\system\Database\MigrationRunner.php(821): CodeIgniter\Database\BaseConnection->tableExists('migrations')
#5 C:\wamp64\www\pbl_kel_4\system\Database\MigrationRunner.php(173): CodeIgniter\Database\MigrationRunner->ensureTable()
#6 C:\wamp64\www\pbl_kel_4\system\Commands\Database\Migrate.php(89): CodeIgniter\Database\MigrationRunner->latest(NULL)
#7 C:\wamp64\www\pbl_kel_4\system\CLI\SignalTrait.php(245): CodeIgniter\Commands\Database\Migrate::{closure:CodeIgniter\Commands\Database\Migrate::run():88}()
#8 C:\wamp64\www\pbl_kel_4\system\Commands\Database\Migrate.php(88): CodeIgniter\Commands\Database\Migrate->withSignalsBlocked(Object(Closure))
#9 C:\wamp64\www\pbl_kel_4\system\CLI\Commands.php(72): CodeIgniter\Commands\Database\Migrate->run(Array)
#10 C:\wamp64\www\pbl_kel_4\system\CLI\Console.php(47): CodeIgniter\CLI\Commands->run('migrate', Array)
#11 C:\wamp64\www\pbl_kel_4\system\Boot.php(442): CodeIgniter\CLI\Console->run()
#12 C:\wamp64\www\pbl_kel_4\system\Boot.php(166): CodeIgniter\Boot::runCommand(Object(CodeIgniter\CLI\Console))
#13 C:\wamp64\www\pbl_kel_4\spark(87): CodeIgniter\Boot::bootSpark(Object(Config\Paths))
#14 {main}
ERROR - 2026-06-06 05:29:04 --> Error connecting to the database: mysqli_sql_exception: Access denied for user 'root'@'localhost' (using password: YES) in C:\wamp64\www\pbl_kel_4\system\Database\MySQLi\Connection.php:201
Stack trace:
#0 C:\wamp64\www\pbl_kel_4\system\Database\MySQLi\Connection.php(201): mysqli->real_connect('localhost', 'root', Object(SensitiveParameterValue), 'pbl', 3306, '', 0)
#1 C:\wamp64\www\pbl_kel_4\system\Database\BaseConnection.php(555): CodeIgniter\Database\MySQLi\Connection->connect(false)
#2 C:\wamp64\www\pbl_kel_4\system\Database\BaseConnection.php(795): CodeIgniter\Database\BaseConnection->initialize()
#3 C:\wamp64\www\pbl_kel_4\system\Database\BaseConnection.php(1706): CodeIgniter\Database\BaseConnection->query('SHOW TABLES FRO...')
#4 C:\wamp64\www\pbl_kel_4\system\Database\BaseConnection.php(1726): CodeIgniter\Database\BaseConnection->listTables()
#5 C:\wamp64\www\pbl_kel_4\system\Database\MigrationRunner.php(821): CodeIgniter\Database\BaseConnection->tableExists('migrations')
#6 C:\wamp64\www\pbl_kel_4\system\Database\MigrationRunner.php(173): CodeIgniter\Database\MigrationRunner->ensureTable()
#7 C:\wamp64\www\pbl_kel_4\system\Commands\Database\Migrate.php(89): CodeIgniter\Database\MigrationRunner->latest(NULL)
#8 C:\wamp64\www\pbl_kel_4\system\CLI\SignalTrait.php(245): CodeIgniter\Commands\Database\Migrate::{closure:CodeIgniter\Commands\Database\Migrate::run():88}()
#9 C:\wamp64\www\pbl_kel_4\system\Commands\Database\Migrate.php(88): CodeIgniter\Commands\Database\Migrate->withSignalsBlocked(Object(Closure))
#10 C:\wamp64\www\pbl_kel_4\system\CLI\Commands.php(72): CodeIgniter\Commands\Database\Migrate->run(Array)
#11 C:\wamp64\www\pbl_kel_4\system\CLI\Console.php(47): CodeIgniter\CLI\Commands->run('migrate', Array)
#12 C:\wamp64\www\pbl_kel_4\system\Boot.php(442): CodeIgniter\CLI\Console->run()
#13 C:\wamp64\www\pbl_kel_4\system\Boot.php(166): CodeIgniter\Boot::runCommand(Object(CodeIgniter\CLI\Console))
#14 C:\wamp64\www\pbl_kel_4\spark(87): CodeIgniter\Boot::bootSpark(Object(Config\Paths))
#15 {main}

Next CodeIgniter\Database\Exceptions\DatabaseException: Access denied for user '****'@'localhost' (using password: YES) in C:\wamp64\www\pbl_kel_4\system\Database\MySQLi\Connection.php:231
Stack trace:
#0 C:\wamp64\www\pbl_kel_4\system\Database\BaseConnection.php(555): CodeIgniter\Database\MySQLi\Connection->connect(false)
#1 C:\wamp64\www\pbl_kel_4\system\Database\BaseConnection.php(795): CodeIgniter\Database\BaseConnection->initialize()
#2 C:\wamp64\www\pbl_kel_4\system\Database\BaseConnection.php(1706): CodeIgniter\Database\BaseConnection->query('SHOW TABLES FRO...')
#3 C:\wamp64\www\pbl_kel_4\system\Database\BaseConnection.php(1726): CodeIgniter\Database\BaseConnection->listTables()
#4 C:\wamp64\www\pbl_kel_4\system\Database\MigrationRunner.php(821): CodeIgniter\Database\BaseConnection->tableExists('migrations')
#5 C:\wamp64\www\pbl_kel_4\system\Database\MigrationRunner.php(173): CodeIgniter\Database\MigrationRunner->ensureTable()
#6 C:\wamp64\www\pbl_kel_4\system\Commands\Database\Migrate.php(89): CodeIgniter\Database\MigrationRunner->latest(NULL)
#7 C:\wamp64\www\pbl_kel_4\system\CLI\SignalTrait.php(245): CodeIgniter\Commands\Database\Migrate::{closure:CodeIgniter\Commands\Database\Migrate::run():88}()
#8 C:\wamp64\www\pbl_kel_4\system\Commands\Database\Migrate.php(88): CodeIgniter\Commands\Database\Migrate->withSignalsBlocked(Object(Closure))
#9 C:\wamp64\www\pbl_kel_4\system\CLI\Commands.php(72): CodeIgniter\Commands\Database\Migrate->run(Array)
#10 C:\wamp64\www\pbl_kel_4\system\CLI\Console.php(47): CodeIgniter\CLI\Commands->run('migrate', Array)
#11 C:\wamp64\www\pbl_kel_4\system\Boot.php(442): CodeIgniter\CLI\Console->run()
#12 C:\wamp64\www\pbl_kel_4\system\Boot.php(166): CodeIgniter\Boot::runCommand(Object(CodeIgniter\CLI\Console))
#13 C:\wamp64\www\pbl_kel_4\spark(87): CodeIgniter\Boot::bootSpark(Object(Config\Paths))
#14 {main}
ERROR - 2026-06-06 05:30:02 --> Error connecting to the database: mysqli_sql_exception: Unknown database 'pbl' in C:\wamp64\www\pbl_kel_4\system\Database\MySQLi\Connection.php:201
Stack trace:
#0 C:\wamp64\www\pbl_kel_4\system\Database\MySQLi\Connection.php(201): mysqli->real_connect('localhost', 'root', Object(SensitiveParameterValue), 'pbl', 3306, '', 0)
#1 C:\wamp64\www\pbl_kel_4\system\Database\BaseConnection.php(555): CodeIgniter\Database\MySQLi\Connection->connect(false)
#2 C:\wamp64\www\pbl_kel_4\system\Database\BaseConnection.php(795): CodeIgniter\Database\BaseConnection->initialize()
#3 C:\wamp64\www\pbl_kel_4\system\Database\BaseConnection.php(1706): CodeIgniter\Database\BaseConnection->query('SHOW TABLES FRO...')
#4 C:\wamp64\www\pbl_kel_4\system\Database\BaseConnection.php(1726): CodeIgniter\Database\BaseConnection->listTables()
#5 C:\wamp64\www\pbl_kel_4\system\Database\MigrationRunner.php(821): CodeIgniter\Database\BaseConnection->tableExists('migrations')
#6 C:\wamp64\www\pbl_kel_4\system\Database\MigrationRunner.php(173): CodeIgniter\Database\MigrationRunner->ensureTable()
#7 C:\wamp64\www\pbl_kel_4\system\Commands\Database\Migrate.php(89): CodeIgniter\Database\MigrationRunner->latest(NULL)
#8 C:\wamp64\www\pbl_kel_4\system\CLI\SignalTrait.php(245): CodeIgniter\Commands\Database\Migrate::{closure:CodeIgniter\Commands\Database\Migrate::run():88}()
#9 C:\wamp64\www\pbl_kel_4\system\Commands\Database\Migrate.php(88): CodeIgniter\Commands\Database\Migrate->withSignalsBlocked(Object(Closure))
#10 C:\wamp64\www\pbl_kel_4\system\CLI\Commands.php(72): CodeIgniter\Commands\Database\Migrate->run(Array)
#11 C:\wamp64\www\pbl_kel_4\system\CLI\Console.php(47): CodeIgniter\CLI\Commands->run('migrate', Array)
#12 C:\wamp64\www\pbl_kel_4\system\Boot.php(442): CodeIgniter\CLI\Console->run()
#13 C:\wamp64\www\pbl_kel_4\system\Boot.php(166): CodeIgniter\Boot::runCommand(Object(CodeIgniter\CLI\Console))
#14 C:\wamp64\www\pbl_kel_4\spark(87): CodeIgniter\Boot::bootSpark(Object(Config\Paths))
#15 {main}

Next CodeIgniter\Database\Exceptions\DatabaseException: Unknown database 'pbl' in C:\wamp64\www\pbl_kel_4\system\Database\MySQLi\Connection.php:231
Stack trace:
#0 C:\wamp64\www\pbl_kel_4\system\Database\BaseConnection.php(555): CodeIgniter\Database\MySQLi\Connection->connect(false)
#1 C:\wamp64\www\pbl_kel_4\system\Database\BaseConnection.php(795): CodeIgniter\Database\BaseConnection->initialize()
#2 C:\wamp64\www\pbl_kel_4\system\Database\BaseConnection.php(1706): CodeIgniter\Database\BaseConnection->query('SHOW TABLES FRO...')
#3 C:\wamp64\www\pbl_kel_4\system\Database\BaseConnection.php(1726): CodeIgniter\Database\BaseConnection->listTables()
#4 C:\wamp64\www\pbl_kel_4\system\Database\MigrationRunner.php(821): CodeIgniter\Database\BaseConnection->tableExists('migrations')
#5 C:\wamp64\www\pbl_kel_4\system\Database\MigrationRunner.php(173): CodeIgniter\Database\MigrationRunner->ensureTable()
#6 C:\wamp64\www\pbl_kel_4\system\Commands\Database\Migrate.php(89): CodeIgniter\Database\MigrationRunner->latest(NULL)
#7 C:\wamp64\www\pbl_kel_4\system\CLI\SignalTrait.php(245): CodeIgniter\Commands\Database\Migrate::{closure:CodeIgniter\Commands\Database\Migrate::run():88}()
#8 C:\wamp64\www\pbl_kel_4\system\Commands\Database\Migrate.php(88): CodeIgniter\Commands\Database\Migrate->withSignalsBlocked(Object(Closure))
#9 C:\wamp64\www\pbl_kel_4\system\CLI\Commands.php(72): CodeIgniter\Commands\Database\Migrate->run(Array)
#10 C:\wamp64\www\pbl_kel_4\system\CLI\Console.php(47): CodeIgniter\CLI\Commands->run('migrate', Array)
#11 C:\wamp64\www\pbl_kel_4\system\Boot.php(442): CodeIgniter\CLI\Console->run()
#12 C:\wamp64\www\pbl_kel_4\system\Boot.php(166): CodeIgniter\Boot::runCommand(Object(CodeIgniter\CLI\Console))
#13 C:\wamp64\www\pbl_kel_4\spark(87): CodeIgniter\Boot::bootSpark(Object(Config\Paths))
#14 {main}
