CRITICAL - 2026-06-08 16:42:32 --> CodeIgniter\View\Exceptions\ViewException: Invalid file: "control-panel/maps/v_profile.php"
[Method: GET, Route: operator-maps/profile]
in SYSTEMPATH\Exceptions\FrameworkException.php on line 39.
 1 SYSTEMPATH\View\View.php(228): CodeIgniter\Exceptions\FrameworkException::forInvalidFile('control-panel/maps/v_profile.php')
 2 SYSTEMPATH\Common.php(1254): CodeIgniter\View\View->render('control-panel/maps/v_profile', [], true)
 3 APPPATH\Controllers\controlpanel\OperatorMapsController.php(22): view('control-panel/maps/v_profile')
 4 SYSTEMPATH\CodeIgniter.php(974): App\Controllers\Controlpanel\OperatorMapsController->profile()
 5 SYSTEMPATH\CodeIgniter.php(520): CodeIgniter\CodeIgniter->runController(Object(App\Controllers\Controlpanel\OperatorMapsController))
 6 SYSTEMPATH\CodeIgniter.php(363): CodeIgniter\CodeIgniter->handleRequest(null, Object(Config\Cache), false)
 7 SYSTEMPATH\Boot.php(417): CodeIgniter\CodeIgniter->run()
 8 SYSTEMPATH\Boot.php(68): CodeIgniter\Boot::runCodeIgniter(Object(CodeIgniter\CodeIgniter))
 9 FCPATH\index.php(59): CodeIgniter\Boot::bootWeb(Object(Config\Paths))
CRITICAL - 2026-06-08 16:47:11 --> CodeIgniter\View\Exceptions\ViewException: Invalid file: "control-panel/maps/profile/v.php"
[Method: GET, Route: operator-maps/profile]
in SYSTEMPATH\Exceptions\FrameworkException.php on line 39.
 1 SYSTEMPATH\View\View.php(228): CodeIgniter\Exceptions\FrameworkException::forInvalidFile('control-panel/maps/profile/v.php')
 2 SYSTEMPATH\Common.php(1254): CodeIgniter\View\View->render('control-panel/maps/profile/v', [], true)
 3 APPPATH\Views\control-panel\maps\v_profile.php(44): view('control-panel/maps/profile/v')
 4 SYSTEMPATH\View\View.php(240): include('C:\\wamp64\\www\\pbl_kel_4\\app\\Views\\control-panel\\maps\\v_profile.php')
 5 SYSTEMPATH\View\View.php(243): CodeIgniter\View\View->CodeIgniter\View\{closure}()
 6 SYSTEMPATH\Common.php(1254): CodeIgniter\View\View->render('control-panel/maps/v_profile', [], true)
 7 APPPATH\Controllers\controlpanel\OperatorMapsController.php(22): view('control-panel/maps/v_profile')
 8 SYSTEMPATH\CodeIgniter.php(974): App\Controllers\Controlpanel\OperatorMapsController->profile()
 9 SYSTEMPATH\CodeIgniter.php(520): CodeIgniter\CodeIgniter->runController(Object(App\Controllers\Controlpanel\OperatorMapsController))
10 SYSTEMPATH\CodeIgniter.php(363): CodeIgniter\CodeIgniter->handleRequest(null, Object(Config\Cache), false)
11 SYSTEMPATH\Boot.php(417): CodeIgniter\CodeIgniter->run()
12 SYSTEMPATH\Boot.php(68): CodeIgniter\Boot::runCodeIgniter(Object(CodeIgniter\CodeIgniter))
13 FCPATH\index.php(59): CodeIgniter\Boot::bootWeb(Object(Config\Paths))
CRITICAL - 2026-06-08 17:37:37 --> ErrorException: Undefined variable $user
[Method: GET, Route: operator-maps/profile]
in APPPATH\Views\control-panel\maps\profile\v_account.php on line 14.
 1 APPPATH\Views\control-panel\maps\profile\v_account.php(14): CodeIgniter\Debug\Exceptions->errorHandler(2, 'Undefined variable $user', 'C:\\wamp64\\www\\pbl_kel_4\\app\\Views\\control-panel\\maps\\profile\\v_account.php', 14)
 2 SYSTEMPATH\View\View.php(240): include('C:\\wamp64\\www\\pbl_kel_4\\app\\Views\\control-panel\\maps\\profile\\v_account.php')
 3 SYSTEMPATH\View\View.php(243): CodeIgniter\View\View->CodeIgniter\View\{closure}()
 4 SYSTEMPATH\Common.php(1254): CodeIgniter\View\View->render('control-panel/maps/profile/v_account', [], true)
 5 APPPATH\Views\control-panel\maps\v_profile.php(45): view('control-panel/maps/profile/v_account')
 6 SYSTEMPATH\View\View.php(240): include('C:\\wamp64\\www\\pbl_kel_4\\app\\Views\\control-panel\\maps\\v_profile.php')
 7 SYSTEMPATH\View\View.php(243): CodeIgniter\View\View->CodeIgniter\View\{closure}()
 8 SYSTEMPATH\Common.php(1254): CodeIgniter\View\View->render('control-panel/maps/v_profile', [], true)
 9 APPPATH\Controllers\controlpanel\OperatorMapsController.php(22): view('control-panel/maps/v_profile')
10 SYSTEMPATH\CodeIgniter.php(974): App\Controllers\Controlpanel\OperatorMapsController->profile()
11 SYSTEMPATH\CodeIgniter.php(520): CodeIgniter\CodeIgniter->runController(Object(App\Controllers\Controlpanel\OperatorMapsController))
12 SYSTEMPATH\CodeIgniter.php(363): CodeIgniter\CodeIgniter->handleRequest(null, Object(Config\Cache), false)
13 SYSTEMPATH\Boot.php(417): CodeIgniter\CodeIgniter->run()
14 SYSTEMPATH\Boot.php(68): CodeIgniter\Boot::runCodeIgniter(Object(CodeIgniter\CodeIgniter))
15 FCPATH\index.php(59): CodeIgniter\Boot::bootWeb(Object(Config\Paths))
CRITICAL - 2026-06-08 17:38:47 --> ErrorException: Undefined variable $user
[Method: GET, Route: operator-maps/profile]
in APPPATH\Views\control-panel\maps\v_profile.php on line 45.
 1 APPPATH\Views\control-panel\maps\v_profile.php(45): CodeIgniter\Debug\Exceptions->errorHandler(2, 'Undefined variable $user', 'C:\\wamp64\\www\\pbl_kel_4\\app\\Views\\control-panel\\maps\\v_profile.php', 45)
 2 SYSTEMPATH\View\View.php(240): include('C:\\wamp64\\www\\pbl_kel_4\\app\\Views\\control-panel\\maps\\v_profile.php')
 3 SYSTEMPATH\View\View.php(243): CodeIgniter\View\View->CodeIgniter\View\{closure}()
 4 SYSTEMPATH\Common.php(1254): CodeIgniter\View\View->render('control-panel/maps/v_profile', [], true)
 5 APPPATH\Controllers\controlpanel\OperatorMapsController.php(22): view('control-panel/maps/v_profile')
 6 SYSTEMPATH\CodeIgniter.php(974): App\Controllers\Controlpanel\OperatorMapsController->profile()
 7 SYSTEMPATH\CodeIgniter.php(520): CodeIgniter\CodeIgniter->runController(Object(App\Controllers\Controlpanel\OperatorMapsController))
 8 SYSTEMPATH\CodeIgniter.php(363): CodeIgniter\CodeIgniter->handleRequest(null, Object(Config\Cache), false)
 9 SYSTEMPATH\Boot.php(417): CodeIgniter\CodeIgniter->run()
10 SYSTEMPATH\Boot.php(68): CodeIgniter\Boot::runCodeIgniter(Object(CodeIgniter\CodeIgniter))
11 FCPATH\index.php(59): CodeIgniter\Boot::bootWeb(Object(Config\Paths))
CRITICAL - 2026-06-08 17:39:52 --> ErrorException: Undefined variable $id_user
[Method: GET, Route: operator-maps/profile]
in APPPATH\Views\control-panel\maps\v_profile.php on line 45.
 1 APPPATH\Views\control-panel\maps\v_profile.php(45): CodeIgniter\Debug\Exceptions->errorHandler(2, 'Undefined variable $id_user', 'C:\\wamp64\\www\\pbl_kel_4\\app\\Views\\control-panel\\maps\\v_profile.php', 45)
 2 SYSTEMPATH\View\View.php(240): include('C:\\wamp64\\www\\pbl_kel_4\\app\\Views\\control-panel\\maps\\v_profile.php')
 3 SYSTEMPATH\View\View.php(243): CodeIgniter\View\View->CodeIgniter\View\{closure}()
 4 SYSTEMPATH\Common.php(1254): CodeIgniter\View\View->render('control-panel/maps/v_profile', [], true)
 5 APPPATH\Controllers\controlpanel\OperatorMapsController.php(22): view('control-panel/maps/v_profile')
 6 SYSTEMPATH\CodeIgniter.php(974): App\Controllers\Controlpanel\OperatorMapsController->profile()
 7 SYSTEMPATH\CodeIgniter.php(520): CodeIgniter\CodeIgniter->runController(Object(App\Controllers\Controlpanel\OperatorMapsController))
 8 SYSTEMPATH\CodeIgniter.php(363): CodeIgniter\CodeIgniter->handleRequest(null, Object(Config\Cache), false)
 9 SYSTEMPATH\Boot.php(417): CodeIgniter\CodeIgniter->run()
10 SYSTEMPATH\Boot.php(68): CodeIgniter\Boot::runCodeIgniter(Object(CodeIgniter\CodeIgniter))
11 FCPATH\index.php(59): CodeIgniter\Boot::bootWeb(Object(Config\Paths))
CRITICAL - 2026-06-08 17:45:12 --> ErrorException: Undefined variable $users
[Method: GET, Route: operator-maps/profile]
in APPPATH\Views\control-panel\maps\v_profile.php on line 45.
 1 APPPATH\Views\control-panel\maps\v_profile.php(45): CodeIgniter\Debug\Exceptions->errorHandler(2, 'Undefined variable $users', 'C:\\wamp64\\www\\pbl_kel_4\\app\\Views\\control-panel\\maps\\v_profile.php', 45)
 2 SYSTEMPATH\View\View.php(240): include('C:\\wamp64\\www\\pbl_kel_4\\app\\Views\\control-panel\\maps\\v_profile.php')
 3 SYSTEMPATH\View\View.php(243): CodeIgniter\View\View->CodeIgniter\View\{closure}()
 4 SYSTEMPATH\Common.php(1254): CodeIgniter\View\View->render('control-panel/maps/v_profile', [], true)
 5 APPPATH\Controllers\controlpanel\OperatorMapsController.php(22): view('control-panel/maps/v_profile')
 6 SYSTEMPATH\CodeIgniter.php(974): App\Controllers\Controlpanel\OperatorMapsController->profile()
 7 SYSTEMPATH\CodeIgniter.php(520): CodeIgniter\CodeIgniter->runController(Object(App\Controllers\Controlpanel\OperatorMapsController))
 8 SYSTEMPATH\CodeIgniter.php(363): CodeIgniter\CodeIgniter->handleRequest(null, Object(Config\Cache), false)
 9 SYSTEMPATH\Boot.php(417): CodeIgniter\CodeIgniter->run()
10 SYSTEMPATH\Boot.php(68): CodeIgniter\Boot::runCodeIgniter(Object(CodeIgniter\CodeIgniter))
11 FCPATH\index.php(59): CodeIgniter\Boot::bootWeb(Object(Config\Paths))
CRITICAL - 2026-06-08 17:49:00 --> ErrorException: Undefined variable $users
[Method: GET, Route: operator-maps/profile]
in APPPATH\Views\control-panel\maps\v_profile.php on line 45.
 1 APPPATH\Views\control-panel\maps\v_profile.php(45): CodeIgniter\Debug\Exceptions->errorHandler(2, 'Undefined variable $users', 'C:\\wamp64\\www\\pbl_kel_4\\app\\Views\\control-panel\\maps\\v_profile.php', 45)
 2 SYSTEMPATH\View\View.php(240): include('C:\\wamp64\\www\\pbl_kel_4\\app\\Views\\control-panel\\maps\\v_profile.php')
 3 SYSTEMPATH\View\View.php(243): CodeIgniter\View\View->CodeIgniter\View\{closure}()
 4 SYSTEMPATH\Common.php(1254): CodeIgniter\View\View->render('control-panel/maps/v_profile', [], true)
 5 APPPATH\Controllers\controlpanel\OperatorMapsController.php(22): view('control-panel/maps/v_profile')
 6 SYSTEMPATH\CodeIgniter.php(974): App\Controllers\Controlpanel\OperatorMapsController->profile()
 7 SYSTEMPATH\CodeIgniter.php(520): CodeIgniter\CodeIgniter->runController(Object(App\Controllers\Controlpanel\OperatorMapsController))
 8 SYSTEMPATH\CodeIgniter.php(363): CodeIgniter\CodeIgniter->handleRequest(null, Object(Config\Cache), false)
 9 SYSTEMPATH\Boot.php(417): CodeIgniter\CodeIgniter->run()
10 SYSTEMPATH\Boot.php(68): CodeIgniter\Boot::runCodeIgniter(Object(CodeIgniter\CodeIgniter))
11 FCPATH\index.php(59): CodeIgniter\Boot::bootWeb(Object(Config\Paths))
CRITICAL - 2026-06-08 17:49:03 --> ErrorException: Undefined variable $users
[Method: GET, Route: operator-maps/profile]
in APPPATH\Views\control-panel\maps\v_profile.php on line 45.
 1 APPPATH\Views\control-panel\maps\v_profile.php(45): CodeIgniter\Debug\Exceptions->errorHandler(2, 'Undefined variable $users', 'C:\\wamp64\\www\\pbl_kel_4\\app\\Views\\control-panel\\maps\\v_profile.php', 45)
 2 SYSTEMPATH\View\View.php(240): include('C:\\wamp64\\www\\pbl_kel_4\\app\\Views\\control-panel\\maps\\v_profile.php')
 3 SYSTEMPATH\View\View.php(243): CodeIgniter\View\View->CodeIgniter\View\{closure}()
 4 SYSTEMPATH\Common.php(1254): CodeIgniter\View\View->render('control-panel/maps/v_profile', [], true)
 5 APPPATH\Controllers\controlpanel\OperatorMapsController.php(22): view('control-panel/maps/v_profile')
 6 SYSTEMPATH\CodeIgniter.php(974): App\Controllers\Controlpanel\OperatorMapsController->profile()
 7 SYSTEMPATH\CodeIgniter.php(520): CodeIgniter\CodeIgniter->runController(Object(App\Controllers\Controlpanel\OperatorMapsController))
 8 SYSTEMPATH\CodeIgniter.php(363): CodeIgniter\CodeIgniter->handleRequest(null, Object(Config\Cache), false)
 9 SYSTEMPATH\Boot.php(417): CodeIgniter\CodeIgniter->run()
10 SYSTEMPATH\Boot.php(68): CodeIgniter\Boot::runCodeIgniter(Object(CodeIgniter\CodeIgniter))
11 FCPATH\index.php(59): CodeIgniter\Boot::bootWeb(Object(Config\Paths))
CRITICAL - 2026-06-08 17:52:02 --> ErrorException: Undefined variable $users
[Method: GET, Route: operator-maps/profile]
in APPPATH\Views\control-panel\maps\v_profile.php on line 45.
 1 APPPATH\Views\control-panel\maps\v_profile.php(45): CodeIgniter\Debug\Exceptions->errorHandler(2, 'Undefined variable $users', 'C:\\wamp64\\www\\pbl_kel_4\\app\\Views\\control-panel\\maps\\v_profile.php', 45)
 2 SYSTEMPATH\View\View.php(240): include('C:\\wamp64\\www\\pbl_kel_4\\app\\Views\\control-panel\\maps\\v_profile.php')
 3 SYSTEMPATH\View\View.php(243): CodeIgniter\View\View->CodeIgniter\View\{closure}()
 4 SYSTEMPATH\Common.php(1254): CodeIgniter\View\View->render('control-panel/maps/v_profile', [], true)
 5 APPPATH\Controllers\controlpanel\OperatorMapsController.php(22): view('control-panel/maps/v_profile')
 6 SYSTEMPATH\CodeIgniter.php(974): App\Controllers\Controlpanel\OperatorMapsController->profile()
 7 SYSTEMPATH\CodeIgniter.php(520): CodeIgniter\CodeIgniter->runController(Object(App\Controllers\Controlpanel\OperatorMapsController))
 8 SYSTEMPATH\CodeIgniter.php(363): CodeIgniter\CodeIgniter->handleRequest(null, Object(Config\Cache), false)
 9 SYSTEMPATH\Boot.php(417): CodeIgniter\CodeIgniter->run()
10 SYSTEMPATH\Boot.php(68): CodeIgniter\Boot::runCodeIgniter(Object(CodeIgniter\CodeIgniter))
11 FCPATH\index.php(59): CodeIgniter\Boot::bootWeb(Object(Config\Paths))
CRITICAL - 2026-06-08 17:52:49 --> ErrorException: Undefined variable $id_user
[Method: GET, Route: operator-maps/profile]
in APPPATH\Views\control-panel\maps\profile\v_account.php on line 14.
 1 APPPATH\Views\control-panel\maps\profile\v_account.php(14): CodeIgniter\Debug\Exceptions->errorHandler(2, 'Undefined variable $id_user', 'C:\\wamp64\\www\\pbl_kel_4\\app\\Views\\control-panel\\maps\\profile\\v_account.php', 14)
 2 SYSTEMPATH\View\View.php(240): include('C:\\wamp64\\www\\pbl_kel_4\\app\\Views\\control-panel\\maps\\profile\\v_account.php')
 3 SYSTEMPATH\View\View.php(243): CodeIgniter\View\View->CodeIgniter\View\{closure}()
 4 SYSTEMPATH\Common.php(1254): CodeIgniter\View\View->render('control-panel/maps/profile/v_account', [], true)
 5 APPPATH\Views\control-panel\maps\v_profile.php(45): view('control-panel/maps/profile/v_account')
 6 SYSTEMPATH\View\View.php(240): include('C:\\wamp64\\www\\pbl_kel_4\\app\\Views\\control-panel\\maps\\v_profile.php')
 7 SYSTEMPATH\View\View.php(243): CodeIgniter\View\View->CodeIgniter\View\{closure}()
 8 SYSTEMPATH\Common.php(1254): CodeIgniter\View\View->render('control-panel/maps/v_profile', [], true)
 9 APPPATH\Controllers\controlpanel\OperatorMapsController.php(22): view('control-panel/maps/v_profile')
10 SYSTEMPATH\CodeIgniter.php(974): App\Controllers\Controlpanel\OperatorMapsController->profile()
11 SYSTEMPATH\CodeIgniter.php(520): CodeIgniter\CodeIgniter->runController(Object(App\Controllers\Controlpanel\OperatorMapsController))
12 SYSTEMPATH\CodeIgniter.php(363): CodeIgniter\CodeIgniter->handleRequest(null, Object(Config\Cache), false)
13 SYSTEMPATH\Boot.php(417): CodeIgniter\CodeIgniter->run()
14 SYSTEMPATH\Boot.php(68): CodeIgniter\Boot::runCodeIgniter(Object(CodeIgniter\CodeIgniter))
15 FCPATH\index.php(59): CodeIgniter\Boot::bootWeb(Object(Config\Paths))
CRITICAL - 2026-06-08 17:53:14 --> ErrorException: Undefined variable $user
[Method: GET, Route: operator-maps/profile]
in APPPATH\Views\control-panel\maps\profile\v_account.php on line 14.
 1 APPPATH\Views\control-panel\maps\profile\v_account.php(14): CodeIgniter\Debug\Exceptions->errorHandler(2, 'Undefined variable $user', 'C:\\wamp64\\www\\pbl_kel_4\\app\\Views\\control-panel\\maps\\profile\\v_account.php', 14)
 2 SYSTEMPATH\View\View.php(240): include('C:\\wamp64\\www\\pbl_kel_4\\app\\Views\\control-panel\\maps\\profile\\v_account.php')
 3 SYSTEMPATH\View\View.php(243): CodeIgniter\View\View->CodeIgniter\View\{closure}()
 4 SYSTEMPATH\Common.php(1254): CodeIgniter\View\View->render('control-panel/maps/profile/v_account', [], true)
 5 APPPATH\Views\control-panel\maps\v_profile.php(45): view('control-panel/maps/profile/v_account')
 6 SYSTEMPATH\View\View.php(240): include('C:\\wamp64\\www\\pbl_kel_4\\app\\Views\\control-panel\\maps\\v_profile.php')
 7 SYSTEMPATH\View\View.php(243): CodeIgniter\View\View->CodeIgniter\View\{closure}()
 8 SYSTEMPATH\Common.php(1254): CodeIgniter\View\View->render('control-panel/maps/v_profile', [], true)
 9 APPPATH\Controllers\controlpanel\OperatorMapsController.php(22): view('control-panel/maps/v_profile')
10 SYSTEMPATH\CodeIgniter.php(974): App\Controllers\Controlpanel\OperatorMapsController->profile()
11 SYSTEMPATH\CodeIgniter.php(520): CodeIgniter\CodeIgniter->runController(Object(App\Controllers\Controlpanel\OperatorMapsController))
12 SYSTEMPATH\CodeIgniter.php(363): CodeIgniter\CodeIgniter->handleRequest(null, Object(Config\Cache), false)
13 SYSTEMPATH\Boot.php(417): CodeIgniter\CodeIgniter->run()
14 SYSTEMPATH\Boot.php(68): CodeIgniter\Boot::runCodeIgniter(Object(CodeIgniter\CodeIgniter))
15 FCPATH\index.php(59): CodeIgniter\Boot::bootWeb(Object(Config\Paths))
CRITICAL - 2026-06-08 18:00:56 --> ErrorException: Undefined variable $user
[Method: GET, Route: operator-maps/profile]
in APPPATH\Views\control-panel\maps\profile\v_account.php on line 14.
 1 APPPATH\Views\control-panel\maps\profile\v_account.php(14): CodeIgniter\Debug\Exceptions->errorHandler(2, 'Undefined variable $user', 'C:\\wamp64\\www\\pbl_kel_4\\app\\Views\\control-panel\\maps\\profile\\v_account.php', 14)
 2 SYSTEMPATH\View\View.php(240): include('C:\\wamp64\\www\\pbl_kel_4\\app\\Views\\control-panel\\maps\\profile\\v_account.php')
 3 SYSTEMPATH\View\View.php(243): CodeIgniter\View\View->CodeIgniter\View\{closure}()
 4 SYSTEMPATH\Common.php(1254): CodeIgniter\View\View->render('control-panel/maps/profile/v_account', [], true)
 5 APPPATH\Views\control-panel\maps\v_profile.php(45): view('control-panel/maps/profile/v_account')
 6 SYSTEMPATH\View\View.php(240): include('C:\\wamp64\\www\\pbl_kel_4\\app\\Views\\control-panel\\maps\\v_profile.php')
 7 SYSTEMPATH\View\View.php(243): CodeIgniter\View\View->CodeIgniter\View\{closure}()
 8 SYSTEMPATH\Common.php(1254): CodeIgniter\View\View->render('control-panel/maps/v_profile', [], true)
 9 APPPATH\Controllers\controlpanel\OperatorMapsController.php(22): view('control-panel/maps/v_profile')
10 SYSTEMPATH\CodeIgniter.php(974): App\Controllers\Controlpanel\OperatorMapsController->profile()
11 SYSTEMPATH\CodeIgniter.php(520): CodeIgniter\CodeIgniter->runController(Object(App\Controllers\Controlpanel\OperatorMapsController))
12 SYSTEMPATH\CodeIgniter.php(363): CodeIgniter\CodeIgniter->handleRequest(null, Object(Config\Cache), false)
13 SYSTEMPATH\Boot.php(417): CodeIgniter\CodeIgniter->run()
14 SYSTEMPATH\Boot.php(68): CodeIgniter\Boot::runCodeIgniter(Object(CodeIgniter\CodeIgniter))
15 FCPATH\index.php(59): CodeIgniter\Boot::bootWeb(Object(Config\Paths))
CRITICAL - 2026-06-08 18:01:06 --> ErrorException: Undefined variable $user
[Method: GET, Route: operator-maps/profile]
in APPPATH\Views\control-panel\maps\profile\v_account.php on line 14.
 1 APPPATH\Views\control-panel\maps\profile\v_account.php(14): CodeIgniter\Debug\Exceptions->errorHandler(2, 'Undefined variable $user', 'C:\\wamp64\\www\\pbl_kel_4\\app\\Views\\control-panel\\maps\\profile\\v_account.php', 14)
 2 SYSTEMPATH\View\View.php(240): include('C:\\wamp64\\www\\pbl_kel_4\\app\\Views\\control-panel\\maps\\profile\\v_account.php')
 3 SYSTEMPATH\View\View.php(243): CodeIgniter\View\View->CodeIgniter\View\{closure}()
 4 SYSTEMPATH\Common.php(1254): CodeIgniter\View\View->render('control-panel/maps/profile/v_account', [], true)
 5 APPPATH\Views\control-panel\maps\v_profile.php(45): view('control-panel/maps/profile/v_account')
 6 SYSTEMPATH\View\View.php(240): include('C:\\wamp64\\www\\pbl_kel_4\\app\\Views\\control-panel\\maps\\v_profile.php')
 7 SYSTEMPATH\View\View.php(243): CodeIgniter\View\View->CodeIgniter\View\{closure}()
 8 SYSTEMPATH\Common.php(1254): CodeIgniter\View\View->render('control-panel/maps/v_profile', [], true)
 9 APPPATH\Controllers\controlpanel\OperatorMapsController.php(22): view('control-panel/maps/v_profile')
10 SYSTEMPATH\CodeIgniter.php(974): App\Controllers\Controlpanel\OperatorMapsController->profile()
11 SYSTEMPATH\CodeIgniter.php(520): CodeIgniter\CodeIgniter->runController(Object(App\Controllers\Controlpanel\OperatorMapsController))
12 SYSTEMPATH\CodeIgniter.php(363): CodeIgniter\CodeIgniter->handleRequest(null, Object(Config\Cache), false)
13 SYSTEMPATH\Boot.php(417): CodeIgniter\CodeIgniter->run()
14 SYSTEMPATH\Boot.php(68): CodeIgniter\Boot::runCodeIgniter(Object(CodeIgniter\CodeIgniter))
15 FCPATH\index.php(59): CodeIgniter\Boot::bootWeb(Object(Config\Paths))
CRITICAL - 2026-06-08 18:04:47 --> ErrorException: Undefined variable $user
[Method: GET, Route: operator-maps/profile]
in APPPATH\Views\control-panel\maps\profile\v_account.php on line 14.
 1 APPPATH\Views\control-panel\maps\profile\v_account.php(14): CodeIgniter\Debug\Exceptions->errorHandler(2, 'Undefined variable $user', 'C:\\wamp64\\www\\pbl_kel_4\\app\\Views\\control-panel\\maps\\profile\\v_account.php', 14)
 2 SYSTEMPATH\View\View.php(240): include('C:\\wamp64\\www\\pbl_kel_4\\app\\Views\\control-panel\\maps\\profile\\v_account.php')
 3 SYSTEMPATH\View\View.php(243): CodeIgniter\View\View->CodeIgniter\View\{closure}()
 4 SYSTEMPATH\Common.php(1254): CodeIgniter\View\View->render('control-panel/maps/profile/v_account', [], true)
 5 APPPATH\Views\control-panel\maps\v_profile.php(45): view('control-panel/maps/profile/v_account')
 6 SYSTEMPATH\View\View.php(240): include('C:\\wamp64\\www\\pbl_kel_4\\app\\Views\\control-panel\\maps\\v_profile.php')
 7 SYSTEMPATH\View\View.php(243): CodeIgniter\View\View->CodeIgniter\View\{closure}()
 8 SYSTEMPATH\Common.php(1254): CodeIgniter\View\View->render('control-panel/maps/v_profile', [], true)
 9 APPPATH\Controllers\controlpanel\OperatorMapsController.php(22): view('control-panel/maps/v_profile')
10 SYSTEMPATH\CodeIgniter.php(974): App\Controllers\Controlpanel\OperatorMapsController->profile()
11 SYSTEMPATH\CodeIgniter.php(520): CodeIgniter\CodeIgniter->runController(Object(App\Controllers\Controlpanel\OperatorMapsController))
12 SYSTEMPATH\CodeIgniter.php(363): CodeIgniter\CodeIgniter->handleRequest(null, Object(Config\Cache), false)
13 SYSTEMPATH\Boot.php(417): CodeIgniter\CodeIgniter->run()
14 SYSTEMPATH\Boot.php(68): CodeIgniter\Boot::runCodeIgniter(Object(CodeIgniter\CodeIgniter))
15 FCPATH\index.php(59): CodeIgniter\Boot::bootWeb(Object(Config\Paths))
CRITICAL - 2026-06-08 18:06:42 --> ErrorException: Undefined variable $user
[Method: GET, Route: operator-maps/profile]
in APPPATH\Views\control-panel\maps\profile\v_account.php on line 14.
 1 APPPATH\Views\control-panel\maps\profile\v_account.php(14): CodeIgniter\Debug\Exceptions->errorHandler(2, 'Undefined variable $user', 'C:\\wamp64\\www\\pbl_kel_4\\app\\Views\\control-panel\\maps\\profile\\v_account.php', 14)
 2 SYSTEMPATH\View\View.php(240): include('C:\\wamp64\\www\\pbl_kel_4\\app\\Views\\control-panel\\maps\\profile\\v_account.php')
 3 SYSTEMPATH\View\View.php(243): CodeIgniter\View\View->CodeIgniter\View\{closure}()
 4 SYSTEMPATH\Common.php(1254): CodeIgniter\View\View->render('control-panel/maps/profile/v_account', [], true)
 5 APPPATH\Views\control-panel\maps\v_profile.php(45): view('control-panel/maps/profile/v_account')
 6 SYSTEMPATH\View\View.php(240): include('C:\\wamp64\\www\\pbl_kel_4\\app\\Views\\control-panel\\maps\\v_profile.php')
 7 SYSTEMPATH\View\View.php(243): CodeIgniter\View\View->CodeIgniter\View\{closure}()
 8 SYSTEMPATH\Common.php(1254): CodeIgniter\View\View->render('control-panel/maps/v_profile', [], true)
 9 APPPATH\Controllers\controlpanel\OperatorMapsController.php(22): view('control-panel/maps/v_profile')
10 SYSTEMPATH\CodeIgniter.php(974): App\Controllers\Controlpanel\OperatorMapsController->profile()
11 SYSTEMPATH\CodeIgniter.php(520): CodeIgniter\CodeIgniter->runController(Object(App\Controllers\Controlpanel\OperatorMapsController))
12 SYSTEMPATH\CodeIgniter.php(363): CodeIgniter\CodeIgniter->handleRequest(null, Object(Config\Cache), false)
13 SYSTEMPATH\Boot.php(417): CodeIgniter\CodeIgniter->run()
14 SYSTEMPATH\Boot.php(68): CodeIgniter\Boot::runCodeIgniter(Object(CodeIgniter\CodeIgniter))
15 FCPATH\index.php(59): CodeIgniter\Boot::bootWeb(Object(Config\Paths))
CRITICAL - 2026-06-08 18:06:44 --> ErrorException: Undefined variable $user
[Method: GET, Route: operator-maps/profile]
in APPPATH\Views\control-panel\maps\profile\v_account.php on line 14.
 1 APPPATH\Views\control-panel\maps\profile\v_account.php(14): CodeIgniter\Debug\Exceptions->errorHandler(2, 'Undefined variable $user', 'C:\\wamp64\\www\\pbl_kel_4\\app\\Views\\control-panel\\maps\\profile\\v_account.php', 14)
 2 SYSTEMPATH\View\View.php(240): include('C:\\wamp64\\www\\pbl_kel_4\\app\\Views\\control-panel\\maps\\profile\\v_account.php')
 3 SYSTEMPATH\View\View.php(243): CodeIgniter\View\View->CodeIgniter\View\{closure}()
 4 SYSTEMPATH\Common.php(1254): CodeIgniter\View\View->render('control-panel/maps/profile/v_account', [], true)
 5 APPPATH\Views\control-panel\maps\v_profile.php(45): view('control-panel/maps/profile/v_account')
 6 SYSTEMPATH\View\View.php(240): include('C:\\wamp64\\www\\pbl_kel_4\\app\\Views\\control-panel\\maps\\v_profile.php')
 7 SYSTEMPATH\View\View.php(243): CodeIgniter\View\View->CodeIgniter\View\{closure}()
 8 SYSTEMPATH\Common.php(1254): CodeIgniter\View\View->render('control-panel/maps/v_profile', [], true)
 9 APPPATH\Controllers\controlpanel\OperatorMapsController.php(22): view('control-panel/maps/v_profile')
10 SYSTEMPATH\CodeIgniter.php(974): App\Controllers\Controlpanel\OperatorMapsController->profile()
11 SYSTEMPATH\CodeIgniter.php(520): CodeIgniter\CodeIgniter->runController(Object(App\Controllers\Controlpanel\OperatorMapsController))
12 SYSTEMPATH\CodeIgniter.php(363): CodeIgniter\CodeIgniter->handleRequest(null, Object(Config\Cache), false)
13 SYSTEMPATH\Boot.php(417): CodeIgniter\CodeIgniter->run()
14 SYSTEMPATH\Boot.php(68): CodeIgniter\Boot::runCodeIgniter(Object(CodeIgniter\CodeIgniter))
15 FCPATH\index.php(59): CodeIgniter\Boot::bootWeb(Object(Config\Paths))
CRITICAL - 2026-06-08 18:08:04 --> ErrorException: Undefined variable $user
[Method: GET, Route: operator-maps/profile]
in APPPATH\Views\control-panel\maps\v_profile.php on line 45.
 1 APPPATH\Views\control-panel\maps\v_profile.php(45): CodeIgniter\Debug\Exceptions->errorHandler(2, 'Undefined variable $user', 'C:\\wamp64\\www\\pbl_kel_4\\app\\Views\\control-panel\\maps\\v_profile.php', 45)
 2 SYSTEMPATH\View\View.php(240): include('C:\\wamp64\\www\\pbl_kel_4\\app\\Views\\control-panel\\maps\\v_profile.php')
 3 SYSTEMPATH\View\View.php(243): CodeIgniter\View\View->CodeIgniter\View\{closure}()
 4 SYSTEMPATH\Common.php(1254): CodeIgniter\View\View->render('control-panel/maps/v_profile', [], true)
 5 APPPATH\Controllers\controlpanel\OperatorMapsController.php(22): view('control-panel/maps/v_profile')
 6 SYSTEMPATH\CodeIgniter.php(974): App\Controllers\Controlpanel\OperatorMapsController->profile()
 7 SYSTEMPATH\CodeIgniter.php(520): CodeIgniter\CodeIgniter->runController(Object(App\Controllers\Controlpanel\OperatorMapsController))
 8 SYSTEMPATH\CodeIgniter.php(363): CodeIgniter\CodeIgniter->handleRequest(null, Object(Config\Cache), false)
 9 SYSTEMPATH\Boot.php(417): CodeIgniter\CodeIgniter->run()
10 SYSTEMPATH\Boot.php(68): CodeIgniter\Boot::runCodeIgniter(Object(CodeIgniter\CodeIgniter))
11 FCPATH\index.php(59): CodeIgniter\Boot::bootWeb(Object(Config\Paths))
CRITICAL - 2026-06-08 18:10:41 --> ErrorException: Undefined array key "foto_profil"
[Method: GET, Route: operator-maps/profile]
in APPPATH\Views\control-panel\maps\profile\v_account.php on line 14.
 1 APPPATH\Views\control-panel\maps\profile\v_account.php(14): CodeIgniter\Debug\Exceptions->errorHandler(2, 'Undefined array key "foto_profil"', 'C:\\wamp64\\www\\pbl_kel_4\\app\\Views\\control-panel\\maps\\profile\\v_account.php', 14)
 2 SYSTEMPATH\View\View.php(240): include('C:\\wamp64\\www\\pbl_kel_4\\app\\Views\\control-panel\\maps\\profile\\v_account.php')
 3 SYSTEMPATH\View\View.php(243): CodeIgniter\View\View->CodeIgniter\View\{closure}()
 4 SYSTEMPATH\Common.php(1254): CodeIgniter\View\View->render('control-panel/maps/profile/v_account', [], true)
 5 APPPATH\Views\control-panel\maps\v_profile.php(45): view('control-panel/maps/profile/v_account', [...])
 6 SYSTEMPATH\View\View.php(240): include('C:\\wamp64\\www\\pbl_kel_4\\app\\Views\\control-panel\\maps\\v_profile.php')
 7 SYSTEMPATH\View\View.php(243): CodeIgniter\View\View->CodeIgniter\View\{closure}()
 8 SYSTEMPATH\Common.php(1254): CodeIgniter\View\View->render('control-panel/maps/v_profile', [], true)
 9 APPPATH\Controllers\controlpanel\OperatorMapsController.php(33): view('control-panel/maps/v_profile', [...])
10 SYSTEMPATH\CodeIgniter.php(974): App\Controllers\Controlpanel\OperatorMapsController->profile()
11 SYSTEMPATH\CodeIgniter.php(520): CodeIgniter\CodeIgniter->runController(Object(App\Controllers\Controlpanel\OperatorMapsController))
12 SYSTEMPATH\CodeIgniter.php(363): CodeIgniter\CodeIgniter->handleRequest(null, Object(Config\Cache), false)
13 SYSTEMPATH\Boot.php(417): CodeIgniter\CodeIgniter->run()
14 SYSTEMPATH\Boot.php(68): CodeIgniter\Boot::runCodeIgniter(Object(CodeIgniter\CodeIgniter))
15 FCPATH\index.php(59): CodeIgniter\Boot::bootWeb(Object(Config\Paths))
CRITICAL - 2026-06-08 18:13:53 --> ErrorException: Undefined array key "foto_profil"
[Method: GET, Route: operator-maps/profile]
in APPPATH\Views\control-panel\maps\profile\v_account.php on line 14.
 1 APPPATH\Views\control-panel\maps\profile\v_account.php(14): CodeIgniter\Debug\Exceptions->errorHandler(2, 'Undefined array key "foto_profil"', 'C:\\wamp64\\www\\pbl_kel_4\\app\\Views\\control-panel\\maps\\profile\\v_account.php', 14)
 2 SYSTEMPATH\View\View.php(240): include('C:\\wamp64\\www\\pbl_kel_4\\app\\Views\\control-panel\\maps\\profile\\v_account.php')
 3 SYSTEMPATH\View\View.php(243): CodeIgniter\View\View->CodeIgniter\View\{closure}()
 4 SYSTEMPATH\Common.php(1254): CodeIgniter\View\View->render('control-panel/maps/profile/v_account', [], true)
 5 APPPATH\Views\control-panel\maps\v_profile.php(45): view('control-panel/maps/profile/v_account', [...])
 6 SYSTEMPATH\View\View.php(240): include('C:\\wamp64\\www\\pbl_kel_4\\app\\Views\\control-panel\\maps\\v_profile.php')
 7 SYSTEMPATH\View\View.php(243): CodeIgniter\View\View->CodeIgniter\View\{closure}()
 8 SYSTEMPATH\Common.php(1254): CodeIgniter\View\View->render('control-panel/maps/v_profile', [], true)
 9 APPPATH\Controllers\controlpanel\OperatorMapsController.php(33): view('control-panel/maps/v_profile', [...])
10 SYSTEMPATH\CodeIgniter.php(974): App\Controllers\Controlpanel\OperatorMapsController->profile()
11 SYSTEMPATH\CodeIgniter.php(520): CodeIgniter\CodeIgniter->runController(Object(App\Controllers\Controlpanel\OperatorMapsController))
12 SYSTEMPATH\CodeIgniter.php(363): CodeIgniter\CodeIgniter->handleRequest(null, Object(Config\Cache), false)
13 SYSTEMPATH\Boot.php(417): CodeIgniter\CodeIgniter->run()
14 SYSTEMPATH\Boot.php(68): CodeIgniter\Boot::runCodeIgniter(Object(CodeIgniter\CodeIgniter))
15 FCPATH\index.php(59): CodeIgniter\Boot::bootWeb(Object(Config\Paths))
CRITICAL - 2026-06-08 18:14:47 --> ErrorException: Undefined array key "foto_profil"
[Method: GET, Route: operator-maps/profile]
in APPPATH\Views\control-panel\maps\profile\v_account.php on line 14.
 1 APPPATH\Views\control-panel\maps\profile\v_account.php(14): CodeIgniter\Debug\Exceptions->errorHandler(2, 'Undefined array key "foto_profil"', 'C:\\wamp64\\www\\pbl_kel_4\\app\\Views\\control-panel\\maps\\profile\\v_account.php', 14)
 2 SYSTEMPATH\View\View.php(240): include('C:\\wamp64\\www\\pbl_kel_4\\app\\Views\\control-panel\\maps\\profile\\v_account.php')
 3 SYSTEMPATH\View\View.php(243): CodeIgniter\View\View->CodeIgniter\View\{closure}()
 4 SYSTEMPATH\Common.php(1254): CodeIgniter\View\View->render('control-panel/maps/profile/v_account', [], true)
 5 APPPATH\Views\control-panel\maps\v_profile.php(45): view('control-panel/maps/profile/v_account', [...])
 6 SYSTEMPATH\View\View.php(240): include('C:\\wamp64\\www\\pbl_kel_4\\app\\Views\\control-panel\\maps\\v_profile.php')
 7 SYSTEMPATH\View\View.php(243): CodeIgniter\View\View->CodeIgniter\View\{closure}()
 8 SYSTEMPATH\Common.php(1254): CodeIgniter\View\View->render('control-panel/maps/v_profile', [], true)
 9 APPPATH\Controllers\controlpanel\OperatorMapsController.php(33): view('control-panel/maps/v_profile', [...])
10 SYSTEMPATH\CodeIgniter.php(974): App\Controllers\Controlpanel\OperatorMapsController->profile()
11 SYSTEMPATH\CodeIgniter.php(520): CodeIgniter\CodeIgniter->runController(Object(App\Controllers\Controlpanel\OperatorMapsController))
12 SYSTEMPATH\CodeIgniter.php(363): CodeIgniter\CodeIgniter->handleRequest(null, Object(Config\Cache), false)
13 SYSTEMPATH\Boot.php(417): CodeIgniter\CodeIgniter->run()
14 SYSTEMPATH\Boot.php(68): CodeIgniter\Boot::runCodeIgniter(Object(CodeIgniter\CodeIgniter))
15 FCPATH\index.php(59): CodeIgniter\Boot::bootWeb(Object(Config\Paths))
CRITICAL - 2026-06-08 18:18:39 --> ErrorException: Undefined array key "foto_profil"
[Method: GET, Route: operator-maps/profile]
in APPPATH\Views\control-panel\maps\profile\v_account.php on line 14.
 1 APPPATH\Views\control-panel\maps\profile\v_account.php(14): CodeIgniter\Debug\Exceptions->errorHandler(2, 'Undefined array key "foto_profil"', 'C:\\wamp64\\www\\pbl_kel_4\\app\\Views\\control-panel\\maps\\profile\\v_account.php', 14)
 2 SYSTEMPATH\View\View.php(240): include('C:\\wamp64\\www\\pbl_kel_4\\app\\Views\\control-panel\\maps\\profile\\v_account.php')
 3 SYSTEMPATH\View\View.php(243): CodeIgniter\View\View->CodeIgniter\View\{closure}()
 4 SYSTEMPATH\Common.php(1254): CodeIgniter\View\View->render('control-panel/maps/profile/v_account', [], true)
 5 APPPATH\Views\control-panel\maps\v_profile.php(45): view('control-panel/maps/profile/v_account', [...])
 6 SYSTEMPATH\View\View.php(240): include('C:\\wamp64\\www\\pbl_kel_4\\app\\Views\\control-panel\\maps\\v_profile.php')
 7 SYSTEMPATH\View\View.php(243): CodeIgniter\View\View->CodeIgniter\View\{closure}()
 8 SYSTEMPATH\Common.php(1254): CodeIgniter\View\View->render('control-panel/maps/v_profile', [], true)
 9 APPPATH\Controllers\controlpanel\OperatorMapsController.php(33): view('control-panel/maps/v_profile', [...])
10 SYSTEMPATH\CodeIgniter.php(974): App\Controllers\Controlpanel\OperatorMapsController->profile()
11 SYSTEMPATH\CodeIgniter.php(520): CodeIgniter\CodeIgniter->runController(Object(App\Controllers\Controlpanel\OperatorMapsController))
12 SYSTEMPATH\CodeIgniter.php(363): CodeIgniter\CodeIgniter->handleRequest(null, Object(Config\Cache), false)
13 SYSTEMPATH\Boot.php(417): CodeIgniter\CodeIgniter->run()
14 SYSTEMPATH\Boot.php(68): CodeIgniter\Boot::runCodeIgniter(Object(CodeIgniter\CodeIgniter))
15 FCPATH\index.php(59): CodeIgniter\Boot::bootWeb(Object(Config\Paths))
CRITICAL - 2026-06-08 18:21:32 --> ErrorException: Undefined array key "nama"
[Method: GET, Route: operator-maps/profile]
in APPPATH\Views\control-panel\maps\profile\v_account.php on line 55.
 1 APPPATH\Views\control-panel\maps\profile\v_account.php(55): CodeIgniter\Debug\Exceptions->errorHandler(2, 'Undefined array key "nama"', 'C:\\wamp64\\www\\pbl_kel_4\\app\\Views\\control-panel\\maps\\profile\\v_account.php', 55)
 2 SYSTEMPATH\View\View.php(240): include('C:\\wamp64\\www\\pbl_kel_4\\app\\Views\\control-panel\\maps\\profile\\v_account.php')
 3 SYSTEMPATH\View\View.php(243): CodeIgniter\View\View->CodeIgniter\View\{closure}()
 4 SYSTEMPATH\Common.php(1254): CodeIgniter\View\View->render('control-panel/maps/profile/v_account', [], true)
 5 APPPATH\Views\control-panel\maps\v_profile.php(45): view('control-panel/maps/profile/v_account', [...])
 6 SYSTEMPATH\View\View.php(240): include('C:\\wamp64\\www\\pbl_kel_4\\app\\Views\\control-panel\\maps\\v_profile.php')
 7 SYSTEMPATH\View\View.php(243): CodeIgniter\View\View->CodeIgniter\View\{closure}()
 8 SYSTEMPATH\Common.php(1254): CodeIgniter\View\View->render('control-panel/maps/v_profile', [], true)
 9 APPPATH\Controllers\controlpanel\OperatorMapsController.php(33): view('control-panel/maps/v_profile', [...])
10 SYSTEMPATH\CodeIgniter.php(974): App\Controllers\Controlpanel\OperatorMapsController->profile()
11 SYSTEMPATH\CodeIgniter.php(520): CodeIgniter\CodeIgniter->runController(Object(App\Controllers\Controlpanel\OperatorMapsController))
12 SYSTEMPATH\CodeIgniter.php(363): CodeIgniter\CodeIgniter->handleRequest(null, Object(Config\Cache), false)
13 SYSTEMPATH\Boot.php(417): CodeIgniter\CodeIgniter->run()
14 SYSTEMPATH\Boot.php(68): CodeIgniter\Boot::runCodeIgniter(Object(CodeIgniter\CodeIgniter))
15 FCPATH\index.php(59): CodeIgniter\Boot::bootWeb(Object(Config\Paths))
